BDB: 23 letter chains (א … תִּשְׁעִים), 0 entries already on disk
08:07:31 200 saved
08:07:34 400 saved
08:07:36 600 saved
08:07:39 800 saved
08:07:41 1000 saved
08:07:44 1200 saved
08:07:46 1400 saved
08:07:49 1600 saved
08:07:52 1800 saved
08:07:54 2000 saved
08:07:57 2200 saved
08:07:59 2400 saved
08:08:02 2600 saved
08:08:05 2800 saved
08:08:08 3000 saved
08:08:10 3200 saved
08:08:13 3400 saved
08:08:16 3600 saved
08:08:19 3800 saved
08:08:22 4000 saved
08:08:24 4200 saved
08:08:27 4400 saved
08:08:29 4600 saved
08:08:32 4800 saved
08:08:35 5000 saved
08:08:38 5200 saved
08:08:41 5400 saved
08:08:44 5600 saved
08:08:47 5800 saved
08:08:50 6000 saved
08:08:54 6200 saved
08:08:57 6400 saved
08:09:01 6600 saved
08:09:04 6800 saved
08:09:09 7000 saved
08:09:13 7200 saved
08:09:16 7400 saved
08:09:20 7600 saved
08:09:25 7800 saved
08:09:29 8000 saved
08:09:34 8200 saved
08:09:39 8400 saved
08:09:47 8600 saved
08:09:54 8800 saved
08:10:02 9000 saved
08:10:11 9200 saved
BDB: could not fetch "BDB, עַפְרָה"
08:10:19 9400 saved
08:10:28 9600 saved
08:10:42 9800 saved
08:11:01 10000 saved
08:11:20 10200 saved
08:11:55 10400 saved
08:12:25 10600 saved
BDB: chains 979 570 436 268 260 13 244 856 117 586 429 244 997 616 288 603 438 420 424 546 244 854 328
BDB Aramaic: 23 letter chains (אָב … תַּתְּנַי), 0 entries already on disk
08:13:10 10800 saved
08:13:12 11000 saved
08:13:15 11200 saved
08:13:19 11400 saved
08:13:34 11600 saved
BDB Aramaic: chains 113 42 30 42 18 1 21 54 13 39 34 3 79 49 18 70 28 14 36 39 11 77 32
DONE: 11623 new entries, 1 failures
